// Jest Snapshot v1, https://goo.gl/fbAQLP

exports[`renders homepage unchanged 1`] = `
<div>
  <main
    class="flex min-h-screen flex-col items-center justify-between p-24"
  >
    <div
      class="relative overflow-x-auto shadow-md sm:rounded-lg"
    >
      <table
        class="w-full text-sm text-left rtl:text-right text-gray-500 dark:text-gray-400"
      >
        <thead
          class="text-xs text-gray-700 uppercase bg-gray-50 dark:bg-gray-700 dark:text-gray-400"
        >
          <tr>
            <th
              class="px-6 py-3"
              scope="col"
            >
              Id
            </th>
            <th
              class="px-6 py-3"
              scope="col"
            >
              Name
            </th>
            <th
              class="px-6 py-3"
              scope="col"
            >
              Height
            </th>
            <th
              class="px-6 py-3"
              scope="col"
            >
              Weight
            </th>
          </tr>
        </thead>
        <tbody />
      </table>
    </div>
  </main>
</div>
`;
